
> build
> vite build

[36mvite v6.1.1 [32mbuilding for production...[36m[39m
transforming...
[32mΓ£ô[39m 15 modules transformed.
node.exe : [31mx[39m 
Build failed in 360ms
At C:\Program 
Files\nodejs\npm.ps1:29 
char:3
+   & $NODE_EXE 
$NPM_CLI_JS $args
+   ~~~~~~~~~~~~~~~~~~~~~~
~~~~~~~
    + CategoryInfo        
      : NotSpecified: (  
  [31mx[39m Build fail   
 ed in 360ms:String) [    
], RemoteException
    + FullyQualifiedError 
   Id : NativeCommandErr  
  or
 
[31merror during build:
[31m[vite]: Rollup 
failed to resolve import 
"react-router-dom" from "C
:/Users/gamer/Downloads/lo
lo/lolo/resources/js/pages
/NotFound.tsx".
This is most likely 
unintended because it can 
break your application at 
runtime.
If you do want to 
externalize this module 
explicitly add it to
`build.rollupOptions.exter
nal`[31m
    at viteLog (file:///C:
/Users/gamer/Downloads/lol
o/lolo/node_modules/vite/d
ist/node/chunks/dep-Cg8OuI
ew.js:52360:15)
    at file:///C:/Users/ga
mer/Downloads/lolo/lolo/no
de_modules/vite/dist/node/
chunks/dep-Cg8OuIew.js:524
18:18
    at onwarn (file:///C:/
Users/gamer/Downloads/lolo
/lolo/node_modules/@vitejs
/plugin-react/dist/index.m
js:282:9)
    at file:///C:/Users/ga
mer/Downloads/lolo/lolo/no
de_modules/vite/dist/node/
chunks/dep-Cg8OuIew.js:524
16:7
    at onRollupLog (file:/
//C:/Users/gamer/Downloads
/lolo/lolo/node_modules/vi
te/dist/node/chunks/dep-Cg
8OuIew.js:52408:5)
    at onLog (file:///C:/U
sers/gamer/Downloads/lolo/
lolo/node_modules/vite/dis
t/node/chunks/dep-Cg8OuIew
.js:52058:7)
    at file:///C:/Users/ga
mer/Downloads/lolo/lolo/no
de_modules/rollup/dist/es/
shared/node-entry.js:20487
:32
    at Object.logger [as 
onLog] (file:///C:/Users/g
amer/Downloads/lolo/lolo/n
ode_modules/rollup/dist/es
/shared/node-entry.js:2223
0:9)
    at ModuleLoader.handle
InvalidResolvedId (file://
/C:/Users/gamer/Downloads/
lolo/lolo/node_modules/rol
lup/dist/es/shared/node-en
try.js:21113:26)
    at file:///C:/Users/ga
mer/Downloads/lolo/lolo/no
de_modules/rollup/dist/es/
shared/node-entry.js:21071
:26[39m
